// Jest Snapshot v1, https://goo.gl/fbAQLP

exports[`<Chat /> should render 1`] = `
<DocumentFragment>
  .c6 {
  padding: 15px 10px;
  width: calc(100% - 20px);
  border: 0;
  outline: none;
}

.c8 {
  width: 100%;
  font-weight: bold;
  -webkit-transition: all 0.2s ease-in 0s;
  transition: all 0.2s ease-in 0s;
  border: 0;
  cursor: pointer;
  outline: none;
}

.c5 {
  display: -webkit-box;
  display: -webkit-flex;
  display: -ms-flexbox;
  display: flex;
}

.c7 {
  width: 250px;
  padding-left: 10px;
}

.c0 {
  display: -webkit-box;
  display: -webkit-flex;
  display: -ms-flexbox;
  display: flex;
  -webkit-flex-direction: column;
  -ms-flex-direction: column;
  flex-direction: column;
}

.c1 {
  overflow-x: auto;
  height: 100%;
}

.c1 > div {
  margin: 10px 0;
}

.c2 {
  display: -webkit-box;
  display: -webkit-flex;
  display: -ms-flexbox;
  display: flex;
  padding: 5px;
}

.c3 {
  display: block;
  padding-right: 10px;
}

.c4 {
  padding-right: 5px;
}

<div
    class="c0"
  >
    <div
      class="c1"
    >
      <div
        class="c2"
      >
        <span
          class="c3"
        >
          [22:00:00]
        </span>
        <strong
          class="c4"
        >
          Romulo:
        </strong>
        boa noite.
      </div>
    </div>
    <div
      class=""
    >
      <form
        class="c5"
        data-testid="messageBarSubmit"
      >
        <input
          class="c6"
          data-testid="messageBarInput"
          placeholder="Digite sua mensagem aqui..."
          value=""
        />
        <div
          class="c7"
        >
          <button
            class="c8"
            type="submit"
          >
            Enviar
          </button>
        </div>
      </form>
    </div>
  </div>
</DocumentFragment>
`;
